test_invalid_mod_keys_and_structural_changes_rejected (test_engine.ContentTests.test_invalid_mod_keys_and_structural_changes_rejected) ... ok
test_override_numeric_values (test_engine.ContentTests.test_override_numeric_values) ... ok
test_save_retains_content_snapshot (test_engine.ContentTests.test_save_retains_content_snapshot) ... ok
test_continuation_with_enemies_matches (test_engine.PersistenceTests.test_continuation_with_enemies_matches) ... ok
test_destroyed_core_save_is_valid (test_engine.PersistenceTests.test_destroyed_core_save_is_valid) ... ok
test_disk_roundtrip (test_engine.PersistenceTests.test_disk_roundtrip) ... ok
test_failed_write_preserves_existing_save (test_engine.PersistenceTests.test_failed_write_preserves_existing_save) ... ok
test_loaded_data_does_not_alias_original (test_engine.PersistenceTests.test_loaded_data_does_not_alias_original) ... ok
test_rejects_duplicate_ids (test_engine.PersistenceTests.test_rejects_duplicate_ids) ... ok
test_rejects_invalid_belt_position (test_engine.PersistenceTests.test_rejects_invalid_belt_position) ... ok
test_rejects_invalid_inventory (test_engine.PersistenceTests.test_rejects_invalid_inventory) ... ok
test_rejects_missing_core (test_engine.PersistenceTests.test_rejects_missing_core) ... ok
test_rejects_nan (test_engine.PersistenceTests.test_rejects_nan) ... ok
test_rejects_overlapping_buildings (test_engine.PersistenceTests.test_rejects_overlapping_buildings) ... ok
test_rejects_unknown_block (test_engine.PersistenceTests.test_rejects_unknown_block) ... ok
test_rejects_wrong_format_and_schema (test_engine.PersistenceTests.test_rejects_wrong_format_and_schema) ... ok
test_snapshot_roundtrip (test_engine.PersistenceTests.test_snapshot_roundtrip) ... ok
test_120_java_movement_vectors (test_engine.SourceKernelTests.test_120_java_movement_vectors) ... ok
test_1344_java_acceptance_vectors (test_engine.SourceKernelTests.test_1344_java_acceptance_vectors) ... ok
test_40_java_dry_drill_vectors (test_engine.SourceKernelTests.test_40_java_dry_drill_vectors) ... ok
test_kernel_does_not_mutate_inputs (test_engine.SourceKernelTests.test_kernel_does_not_mutate_inputs) ... ok
test_kernel_rejects_inconsistent_arrays (test_engine.SourceKernelTests.test_kernel_rejects_inconsistent_arrays) ... ok
test_all_four_rear_input_directions (test_engine.WorldTests.test_all_four_rear_input_directions) ... ok
test_cannot_build_on_water_or_edge (test_engine.WorldTests.test_cannot_build_on_water_or_edge) ... ok
test_cannot_place_drill_without_ore (test_engine.WorldTests.test_cannot_place_drill_without_ore) ... ok
test_capacity_rejects_fourth_item (test_engine.WorldTests.test_capacity_rejects_fourth_item) ... ok
test_closed_conveyor_loop_conserves_items (test_engine.WorldTests.test_closed_conveyor_loop_conserves_items) ... ok
test_core_cannot_be_dismantled (test_engine.WorldTests.test_core_cannot_be_dismantled) ... ok
test_core_destruction_stops_simulation (test_engine.WorldTests.test_core_destruction_stops_simulation) ... ok
test_cost_and_half_refund (test_engine.WorldTests.test_cost_and_half_refund) ... ok
test_dead_end_stops_without_loss (test_engine.WorldTests.test_dead_end_stops_without_loss) ... ok
test_demo_moves_copper_to_core_and_ammo (test_engine.WorldTests.test_demo_moves_copper_to_core_and_ammo) ... ok
test_earliest_segment_hit (test_engine.WorldTests.test_earliest_segment_hit) ... ok
test_enemy_damages_core (test_engine.WorldTests.test_enemy_damages_core) ... ok
test_failed_placement_is_transactional (test_engine.WorldTests.test_failed_placement_is_transactional) ... ok
test_fast_bullet_does_not_tunnel (test_engine.WorldTests.test_fast_bullet_does_not_tunnel) ... ok
test_full_core_applies_backpressure (test_engine.WorldTests.test_full_core_applies_backpressure) ... ok
test_full_drill_stops_at_capacity (test_engine.WorldTests.test_full_drill_stops_at_capacity) ... ok
test_lead_wins_equal_ore_count (test_engine.WorldTests.test_lead_wins_equal_ore_count) ... ok
test_mined_material_is_conserved (test_engine.WorldTests.test_mined_material_is_conserved) ... ok
test_multitile_footprint_and_lookup (test_engine.WorldTests.test_multitile_footprint_and_lookup) ... ok
test_neighbor_cache_invalidated_on_remove (test_engine.WorldTests.test_neighbor_cache_invalidated_on_remove) ... ok
test_neighbors_are_unique_for_multitile_block (test_engine.WorldTests.test_neighbors_are_unique_for_multitile_block) ... ok
test_no_ammo_means_no_shots (test_engine.WorldTests.test_no_ammo_means_no_shots) ... ok
test_nonadjacent_input_is_rejected (test_engine.WorldTests.test_nonadjacent_input_is_rejected) ... ok
test_one_copper_becomes_two_ammunition (test_engine.WorldTests.test_one_copper_becomes_two_ammunition) ... ok
test_only_one_core (test_engine.WorldTests.test_only_one_core) ... ok
test_path_does_not_cross_rock (test_engine.WorldTests.test_path_does_not_cross_rock) ... ok
test_router_delay_only_for_router_output (test_engine.WorldTests.test_router_delay_only_for_router_output) ... ok
test_sandbox_disables_automatic_waves (test_engine.WorldTests.test_sandbox_disables_automatic_waves) ... ok
test_side_input_and_front_rejection (test_engine.WorldTests.test_side_input_and_front_rejection) ... ok
test_transport_turns_and_reaches_core (test_engine.WorldTests.test_transport_turns_and_reaches_core) ... ok
test_turret_hits_enemy_and_spends_ammo (test_engine.WorldTests.test_turret_hits_enemy_and_spends_ammo) ... ok
test_wave_button_does_not_discard_queued_enemies (test_engine.WorldTests.test_wave_button_does_not_discard_queued_enemies) ... ok
test_build_by_tap_consumes_copper (test_pythonista_adapter.PythonistaAdapterTests.test_build_by_tap_consumes_copper) ... ok
test_camera_zoom_keeps_anchor_fixed (test_pythonista_adapter.PythonistaAdapterTests.test_camera_zoom_keeps_anchor_fixed) ... ok
test_drag_paints_contiguous_tiles (test_pythonista_adapter.PythonistaAdapterTests.test_drag_paints_contiguous_tiles) ... ok
test_failed_manual_load_preserves_running_state (test_pythonista_adapter.PythonistaAdapterTests.test_failed_manual_load_preserves_running_state) ... ok
test_help_overlay_pauses_simulation (test_pythonista_adapter.PythonistaAdapterTests.test_help_overlay_pauses_simulation) ... ok
test_lifecycle_autosave_and_restore (test_pythonista_adapter.PythonistaAdapterTests.test_lifecycle_autosave_and_restore) ... ok
test_manual_save_and_load (test_pythonista_adapter.PythonistaAdapterTests.test_manual_save_and_load) ... ok
test_new_demo_backs_up_previous_world (test_pythonista_adapter.PythonistaAdapterTests.test_new_demo_backs_up_previous_world) ... ok
test_pinch_never_builds_a_tile (test_pythonista_adapter.PythonistaAdapterTests.test_pinch_never_builds_a_tile) ... ok
test_portrait_landscape_layout_bounds (test_pythonista_adapter.PythonistaAdapterTests.test_portrait_landscape_layout_bounds) ... ok
test_selected_belt_can_rotate (test_pythonista_adapter.PythonistaAdapterTests.test_selected_belt_can_rotate) ... ok
test_setup_help_overlay_and_300_frames (test_pythonista_adapter.PythonistaAdapterTests.test_setup_help_overlay_and_300_frames) ... ok
test_simulation_pause_still_allows_ui_update (test_pythonista_adapter.PythonistaAdapterTests.test_simulation_pause_still_allows_ui_update) ... ok
test_toolbar_touch_not_used_for_building (test_pythonista_adapter.PythonistaAdapterTests.test_toolbar_touch_not_used_for_building) ... ok
test_all_rotation_hit_targets_at_least_44_points_and_nonoverlapping (test_rotation_controls.RotationControlsTests.test_all_rotation_hit_targets_at_least_44_points_and_nonoverlapping) ... ok
test_direction_badge_stays_inside_viewport_at_center (test_rotation_controls.RotationControlsTests.test_direction_badge_stays_inside_viewport_at_center) ... ok
test_direction_choice_highlight_matches_selected_belt (test_rotation_controls.RotationControlsTests.test_direction_choice_highlight_matches_selected_belt) ... ok
test_disabled_controls_do_not_change_nondirectional_building (test_rotation_controls.RotationControlsTests.test_disabled_controls_do_not_change_nondirectional_building) ... ok
test_drag_across_existing_belt_does_not_reorient_it (test_rotation_controls.RotationControlsTests.test_drag_across_existing_belt_does_not_reorient_it) ... ok
test_each_direction_button_sets_new_belt_orientation (test_rotation_controls.RotationControlsTests.test_each_direction_button_sets_new_belt_orientation) ... ok
test_four_turns_restore_each_starting_direction (test_rotation_controls.RotationControlsTests.test_four_turns_restore_each_starting_direction) ... ok
test_inspecting_non_belt_cannot_change_a_stale_belt_selection (test_rotation_controls.RotationControlsTests.test_inspecting_non_belt_cannot_change_a_stale_belt_selection) ... ok
test_left_and_right_are_opposites_in_world_coordinates (test_rotation_controls.RotationControlsTests.test_left_and_right_are_opposites_in_world_coordinates) ... ok
test_menu_and_controls_fit_small_portrait_and_landscape (test_rotation_controls.RotationControlsTests.test_menu_and_controls_fit_small_portrait_and_landscape) ... ok
test_old_011_metadata_save_loads_without_schema_change (test_rotation_controls.RotationControlsTests.test_old_011_metadata_save_loads_without_schema_change) ... ok
test_opening_menu_cancels_placement_without_charge (test_rotation_controls.RotationControlsTests.test_opening_menu_cancels_placement_without_charge) ... ok
test_preview_only_is_not_saved_as_a_building (test_rotation_controls.RotationControlsTests.test_preview_only_is_not_saved_as_a_building) ... ok
test_preview_visible_before_placement_and_updates_immediately (test_rotation_controls.RotationControlsTests.test_preview_visible_before_placement_and_updates_immediately) ... ok
test_relocated_speed_and_zoom_buttons_are_reachable_and_work (test_rotation_controls.RotationControlsTests.test_relocated_speed_and_zoom_buttons_are_reachable_and_work) ... ok
test_removed_selection_cannot_rotate_another_building (test_rotation_controls.RotationControlsTests.test_removed_selection_cannot_rotate_another_building) ... ok
test_reorientation_updates_sprite_and_output_neighbor (test_rotation_controls.RotationControlsTests.test_reorientation_updates_sprite_and_output_neighbor) ... ok
test_resizing_retains_rotation_but_cancels_touches (test_rotation_controls.RotationControlsTests.test_resizing_retains_rotation_but_cancels_touches) ... ok
test_rotate_during_drag_applies_to_next_new_tiles (test_rotation_controls.RotationControlsTests.test_rotate_during_drag_applies_to_next_new_tiles) ... ok
test_rotated_cargo_save_and_resume_is_lossless (test_rotation_controls.RotationControlsTests.test_rotated_cargo_save_and_resume_is_lossless) ... ok
test_rotation_buttons_never_create_or_charge_buildings (test_rotation_controls.RotationControlsTests.test_rotation_buttons_never_create_or_charge_buildings) ... ok
test_second_finger_can_rotate_while_first_holds_placement (test_rotation_controls.RotationControlsTests.test_second_finger_can_rotate_while_first_holds_placement) ... ok
test_selected_direct_rotation_preserves_cargo_hp_id_and_resources (test_rotation_controls.RotationControlsTests.test_selected_direct_rotation_preserves_cargo_hp_id_and_resources) ... ok
test_selected_rotation_uses_building_direction_not_stale_build_direction (test_rotation_controls.RotationControlsTests.test_selected_rotation_uses_building_direction_not_stale_build_direction) ... ok
test_switching_tool_hides_preview_and_cancels_pending_placement (test_rotation_controls.RotationControlsTests.test_switching_tool_hides_preview_and_cancels_pending_placement) ... ok
test_tap_existing_belt_reorients_without_cost_or_rebuild (test_rotation_controls.RotationControlsTests.test_tap_existing_belt_reorients_without_cost_or_rebuild) ... ok
test_ui_runs_300_frames_after_rotation_and_overlay_changes (test_rotation_controls.RotationControlsTests.test_ui_runs_300_frames_after_rotation_and_overlay_changes) ... ok
test_zoom_keeps_direction_badge_screen_size_constant (test_rotation_controls.RotationControlsTests.test_zoom_keeps_direction_badge_screen_size_constant) ... ok
test_both_storage_locations_fail_without_uninitialized_state (test_startup_regressions.StartupRegressionTests.test_both_storage_locations_fail_without_uninitialized_state) ... ok
test_callbacks_from_base_constructor_have_flags (test_startup_regressions.StartupRegressionTests.test_callbacks_from_base_constructor_have_flags) ... ok
test_config_uses_captured_script_directory (test_startup_regressions.StartupRegressionTests.test_config_uses_captured_script_directory) ... ok
test_early_update_initializes_once_instead_of_missing_failed (test_startup_regressions.StartupRegressionTests.test_early_update_initializes_once_instead_of_missing_failed) ... ok
test_error_during_update_is_reported_once_and_never_autosaved (test_startup_regressions.StartupRegressionTests.test_error_during_update_is_reported_once_and_never_autosaved) ... ok
test_error_screen_failure_never_masks_first_traceback (test_startup_regressions.StartupRegressionTests.test_error_screen_failure_never_masks_first_traceback) ... ok
test_failure_during_resize_uses_same_safe_failure_path (test_startup_regressions.StartupRegressionTests.test_failure_during_resize_uses_same_safe_failure_path) ... ok
test_flags_exist_immediately_after_construction (test_startup_regressions.StartupRegressionTests.test_flags_exist_immediately_after_construction) ... ok
test_late_setup_failure_preserves_valid_autosave_byte_for_byte (test_startup_regressions.StartupRegressionTests.test_late_setup_failure_preserves_valid_autosave_byte_for_byte) ... ok
test_log_write_failure_never_masks_first_traceback (test_startup_regressions.StartupRegressionTests.test_log_write_failure_never_masks_first_traceback) ... ok
test_missing_runtime_file_global_does_not_break_setup_or_new_demo (test_startup_regressions.StartupRegressionTests.test_missing_runtime_file_global_does_not_break_setup_or_new_demo) ... ok
test_original_save_format_and_simulation_are_unchanged (test_startup_regressions.StartupRegressionTests.test_original_save_format_and_simulation_are_unchanged) ... ok
test_primary_log_failure_uses_private_log_without_masking (test_startup_regressions.StartupRegressionTests.test_primary_log_failure_uses_private_log_without_masking) ... ok
test_readonly_original_folder_uses_fallback_without_moving_old_save (test_startup_regressions.StartupRegressionTests.test_readonly_original_folder_uses_fallback_without_moving_old_save) ... ok
test_reentrant_callbacks_during_setup_cannot_use_partial_world (test_startup_regressions.StartupRegressionTests.test_reentrant_callbacks_during_setup_cannot_use_partial_world) ... ok
test_startup_exception_retains_original_error_and_blocks_callbacks (test_startup_regressions.StartupRegressionTests.test_startup_exception_retains_original_error_and_blocks_callbacks) ... ok
test_storage_fallback_scene_starts_and_saves_only_to_selected_folder (test_startup_regressions.StartupRegressionTests.test_storage_fallback_scene_starts_and_saves_only_to_selected_folder) ... ok
test_touches_and_lifecycle_before_setup_are_noops (test_startup_regressions.StartupRegressionTests.test_touches_and_lifecycle_before_setup_are_noops) ... ok
test_uncreatable_original_folder_uses_private_storage_with_warning (test_startup_regressions.StartupRegressionTests.test_uncreatable_original_folder_uses_private_storage_with_warning) ... ok
test_writable_original_save_folder_is_preferred_and_files_untouched (test_startup_regressions.StartupRegressionTests.test_writable_original_save_folder_is_preferred_and_files_untouched) ... ok
test_zero_size_waits_without_creating_saves_then_initializes (test_startup_regressions.StartupRegressionTests.test_zero_size_waits_without_creating_saves_then_initializes) ... ok

----------------------------------------------------------------------
Ran 117 tests in 1.513s

OK
